{
	"chapter page": [
		{
			"where": "input/index/gutenberg/2701.txt",
			"count": 181,
			"index": 3639
		},
		{
			"where": "input/index/gutenberg/1228.txt",
			"count": 79,
			"index": 267
		},
		{
			"where": "input/index/gutenberg/1342.txt",
			"count": 65,
			"index": 104
		},
		{
			"where": "input/index/gutenberg/98.txt",
			"count": 48,
			"index": 137
		},
		{
			"where": "input/index/gutenberg/4300.txt",
			"count": 36,
			"index": 8025
		},
		{
			"where": "input/index/gutenberg/11.txt",
			"count": 14,
			"index": 105
		},
		{
			"where": "input/index/gutenberg/1661.txt",
			"count": 11,
			"index": 38290
		},
		{
			"where": "input/index/gutenberg/1322.txt",
			"count": 7,
			"index": 2558
		}
	],
	"ebook gutenberg license": [
		{
			"where": "input/index/gutenberg/1661.txt",
			"count": 58,
			"index": 13
		},
		{
			"where": "input/index/gutenberg/1322.txt",
			"count": 57,
			"index": 3
		},
		{
			"where": "input/index/gutenberg/4300.txt",
			"count": 57,
			"index": 3
		},
		{
			"where": "input/index/gutenberg/98.txt",
			"count": 57,
			"index": 3
		},
		{
			"where": "input/index/gutenberg/1342.txt",
			"count": 56,
			"index": 3
		},
		{
			"where": "input/index/gutenberg/2701.txt",
			"count": 56,
			"index": 3
		},
		{
			"where": "input/index/gutenberg/1228.txt",
			"count": 54,
			"index": 3
		},
		{
			"where": "input/index/gutenberg/11.txt",
			"count": 52,
			"index": 11
		}
	],
	"he she": [
		{
			"where": "input/index/gutenberg/4300.txt",
			"count": 5168,
			"index": 133
		},
		{
			"where": "input/index/gutenberg/1342.txt",
			"count": 3037,
			"index": 162
		},
		{
			"where": "input/index/gutenberg/98.txt",
			"count": 2292,
			"index": 736
		},
		{
			"where": "input/index/gutenberg/1661.txt",
			"count": 1891,
			"index": 198
		},
		{
			"where": "input/index/gutenberg/2701.txt",
			"count": 1866,
			"index": 219
		},
		{
			"where": "input/index/gutenberg/11.txt",
			"count": 660,
			"index": 134
		},
		{
			"where": "input/index/gutenberg/1322.txt",
			"count": 407,
			"index": 467
		},
		{
			"where": "input/index/gutenberg/1228.txt",
			"count": 190,
			"index": 1582
		}
	],
	"request": [
		{
			"where": "input/index/gutenberg/1342.txt",
			"count": 13,
			"index": 6976
		},
		{
			"where": "input/index/gutenberg/4300.txt",
			"count": 10,
			"index": 25994
		},
		{
			"where": "input/index/gutenberg/1228.txt",
			"count": 6,
			"index": 1593
		},
		{
			"where": "input/index/gutenberg/98.txt",
			"count": 6,
			"index": 32286
		},
		{
			"where": "input/index/gutenberg/1661.txt",
			"count": 5,
			"index": 24647
		},
		{
			"where": "input/index/gutenberg/2701.txt",
			"count": 4,
			"index": 30507
		},
		{
			"where": "input/index/gutenberg/11.txt",
			"count": 1,
			"index": 27715
		},
		{
			"where": "input/index/gutenberg/1322.txt",
			"count": 1,
			"index": 123041
		}
	],
	"web": [
		{
			"where": "input/index/gutenberg/1228.txt",
			"count": 9,
			"index": 23946
		},
		{
			"where": "input/index/gutenberg/4300.txt",
			"count": 9,
			"index": 112004
		},
		{
			"where": "input/index/gutenberg/1661.txt",
			"count": 8,
			"index": 38541
		},
		{
			"where": "input/index/gutenberg/11.txt",
			"count": 6,
			"index": 27683
		},
		{
			"where": "input/index/gutenberg/1342.txt",
			"count": 6,
			"index": 122836
		},
		{
			"where": "input/index/gutenberg/1322.txt",
			"count": 6,
			"index": 123009
		},
		{
			"where": "input/index/gutenberg/98.txt",
			"count": 6,
			"index": 137146
		},
		{
			"where": "input/index/gutenberg/2701.txt",
			"count": 6,
			"index": 213414
		}
	]
}
