{
	"0": [
	],
	"0 1": [
		{
			"where": "http://cs.usfca.edu/~cs212/gutenberg/2701.htm",
			"count": 191,
			"index": 127
		}
	],
	"0 1 2 3 4": [
		{
			"where": "http://cs.usfca.edu/~cs212/gutenberg/2701.htm",
			"count": 300,
			"index": 78
		}
	],
	"0 1 2 3 4 5 6 7 8 9": [
		{
			"where": "http://cs.usfca.edu/~cs212/gutenberg/2701.htm",
			"count": 438,
			"index": 78
		}
	],
	"1": [
		{
			"where": "http://cs.usfca.edu/~cs212/gutenberg/2701.htm",
			"count": 191,
			"index": 127
		}
	],
	"10 11 21 31 41 51": [
		{
			"where": "http://cs.usfca.edu/~cs212/gutenberg/2701.htm",
			"count": 57,
			"index": 161
		}
	],
	"12 20 22 32 42 52": [
		{
			"where": "http://cs.usfca.edu/~cs212/gutenberg/2701.htm",
			"count": 40,
			"index": 79
		}
	],
	"13 23 30 33 43 53": [
		{
			"where": "http://cs.usfca.edu/~cs212/gutenberg/2701.htm",
			"count": 28,
			"index": 172
		}
	],
	"14 24 34 40 44 54": [
		{
			"where": "http://cs.usfca.edu/~cs212/gutenberg/2701.htm",
			"count": 20,
			"index": 175
		}
	],
	"15 25 35 45 50 55": [
		{
			"where": "http://cs.usfca.edu/~cs212/gutenberg/2701.htm",
			"count": 29,
			"index": 78
		}
	],
	"16 26 36 46 56 60": [
		{
			"where": "http://cs.usfca.edu/~cs212/gutenberg/2701.htm",
			"count": 21,
			"index": 181
		}
	],
	"17 27 37 47 57 70": [
		{
			"where": "http://cs.usfca.edu/~cs212/gutenberg/2701.htm",
			"count": 33,
			"index": 81
		}
	],
	"18 28 38 48 58 80": [
		{
			"where": "http://cs.usfca.edu/~cs212/gutenberg/2701.htm",
			"count": 39,
			"index": 189
		}
	],
	"19 29 39 49 59 90": [
		{
			"where": "http://cs.usfca.edu/~cs212/gutenberg/2701.htm",
			"count": 16,
			"index": 193
		}
	],
	"2": [
		{
			"where": "http://cs.usfca.edu/~cs212/gutenberg/2701.htm",
			"count": 44,
			"index": 78
		}
	],
	"2 3": [
		{
			"where": "http://cs.usfca.edu/~cs212/gutenberg/2701.htm",
			"count": 77,
			"index": 78
		}
	],
	"3": [
		{
			"where": "http://cs.usfca.edu/~cs212/gutenberg/2701.htm",
			"count": 33,
			"index": 134
		}
	],
	"4": [
		{
			"where": "http://cs.usfca.edu/~cs212/gutenberg/2701.htm",
			"count": 32,
			"index": 138
		}
	],
	"4 5": [
		{
			"where": "http://cs.usfca.edu/~cs212/gutenberg/2701.htm",
			"count": 67,
			"index": 138
		}
	],
	"5": [
		{
			"where": "http://cs.usfca.edu/~cs212/gutenberg/2701.htm",
			"count": 35,
			"index": 142
		}
	],
	"5 6 7 8 9": [
		{
			"where": "http://cs.usfca.edu/~cs212/gutenberg/2701.htm",
			"count": 138,
			"index": 85
		}
	],
	"6": [
		{
			"where": "http://cs.usfca.edu/~cs212/gutenberg/2701.htm",
			"count": 25,
			"index": 145
		}
	],
	"6 7": [
		{
			"where": "http://cs.usfca.edu/~cs212/gutenberg/2701.htm",
			"count": 49,
			"index": 145
		}
	],
	"7": [
		{
			"where": "http://cs.usfca.edu/~cs212/gutenberg/2701.htm",
			"count": 24,
			"index": 149
		}
	],
	"8": [
		{
			"where": "http://cs.usfca.edu/~cs212/gutenberg/2701.htm",
			"count": 27,
			"index": 153
		}
	],
	"8 9": [
		{
			"where": "http://cs.usfca.edu/~cs212/gutenberg/2701.htm",
			"count": 54,
			"index": 85
		}
	],
	"9": [
		{
			"where": "http://cs.usfca.edu/~cs212/gutenberg/2701.htm",
			"count": 27,
			"index": 85
		}
	],
	"a": [
		{
			"where": "http://cs.usfca.edu/~cs212/gutenberg/2701.htm",
			"count": 23997,
			"index": 29
		}
	],
	"a b": [
		{
			"where": "http://cs.usfca.edu/~cs212/gutenberg/2701.htm",
			"count": 35051,
			"index": 6
		}
	],
	"a b c": [
		{
			"where": "http://cs.usfca.edu/~cs212/gutenberg/2701.htm",
			"count": 43646,
			"index": 6
		}
	],
	"a b c d": [
		{
			"where": "http://cs.usfca.edu/~cs212/gutenberg/2701.htm",
			"count": 49510,
			"index": 2
		}
	],
	"a b c d e": [
		{
			"where": "http://cs.usfca.edu/~cs212/gutenberg/2701.htm",
			"count": 53517,
			"index": 2
		}
	],
	"a b c d e f": [
		{
			"where": "http://cs.usfca.edu/~cs212/gutenberg/2701.htm",
			"count": 61876,
			"index": 2
		}
	],
	"a b c d e f g": [
		{
			"where": "http://cs.usfca.edu/~cs212/gutenberg/2701.htm",
			"count": 65470,
			"index": 2
		}
	],
	"a b c d e f g h": [
		{
			"where": "http://cs.usfca.edu/~cs212/gutenberg/2701.htm",
			"count": 79038,
			"index": 2
		}
	],
	"a b c d e f g h i": [
		{
			"where": "http://cs.usfca.edu/~cs212/gutenberg/2701.htm",
			"count": 93730,
			"index": 2
		}
	],
	"a b c d e f g h i j": [
		{
			"where": "http://cs.usfca.edu/~cs212/gutenberg/2701.htm",
			"count": 94566,
			"index": 2
		}
	],
	"aa ab ac ad ae af ag ah ai aj ak al am": [
		{
			"where": "http://cs.usfca.edu/~cs212/gutenberg/2701.htm",
			"count": 5834,
			"index": 36
		}
	],
	"aa ae ai ao au": [
		{
			"where": "http://cs.usfca.edu/~cs212/gutenberg/2701.htm",
			"count": 268,
			"index": 72
		}
	],
	"aa ee ii oo uu": [
		{
			"where": "http://cs.usfca.edu/~cs212/gutenberg/2701.htm",
			"count": 37,
			"index": 28942
		}
	],
	"an ao ap aq ar as at au av aw ax ay az": [
		{
			"where": "http://cs.usfca.edu/~cs212/gutenberg/2701.htm",
			"count": 13465,
			"index": 29
		}
	],
	"b": [
		{
			"where": "http://cs.usfca.edu/~cs212/gutenberg/2701.htm",
			"count": 11054,
			"index": 6
		}
	],
	"ba bb bc bd be bf bg bh bi bj bk bl bm": [
		{
			"where": "http://cs.usfca.edu/~cs212/gutenberg/2701.htm",
			"count": 5162,
			"index": 170
		}
	],
	"ba be bi bo bu": [
		{
			"where": "http://cs.usfca.edu/~cs212/gutenberg/2701.htm",
			"count": 8425,
			"index": 163
		}
	],
	"bn bo bp bq br bs bt bu bv bw bx by bz": [
		{
			"where": "http://cs.usfca.edu/~cs212/gutenberg/2701.htm",
			"count": 5890,
			"index": 6
		}
	],
	"c": [
		{
			"where": "http://cs.usfca.edu/~cs212/gutenberg/2701.htm",
			"count": 8595,
			"index": 33
		}
	],
	"c d": [
		{
			"where": "http://cs.usfca.edu/~cs212/gutenberg/2701.htm",
			"count": 14459,
			"index": 2
		}
	],
	"ca cb cc cd ce cf cg ch ci cj ck cl cm": [
		{
			"where": "http://cs.usfca.edu/~cs212/gutenberg/2701.htm",
			"count": 4243,
			"index": 89
		}
	],
	"ca ce ci co cu": [
		{
			"where": "http://cs.usfca.edu/~cs212/gutenberg/2701.htm",
			"count": 6040,
			"index": 33
		}
	],
	"cn co cp cq cr cs ct cu cv cw cx cy cz": [
		{
			"where": "http://cs.usfca.edu/~cs212/gutenberg/2701.htm",
			"count": 4350,
			"index": 33
		}
	],
	"d": [
		{
			"where": "http://cs.usfca.edu/~cs212/gutenberg/2701.htm",
			"count": 5864,
			"index": 2
		}
	],
	"d e f": [
		{
			"where": "http://cs.usfca.edu/~cs212/gutenberg/2701.htm",
			"count": 18230,
			"index": 2
		}
	],
	"da db dc dd de df dg dh di dj dk dl dm": [
		{
			"where": "http://cs.usfca.edu/~cs212/gutenberg/2701.htm",
			"count": 3653,
			"index": 2
		}
	],
	"da de di do du": [
		{
			"where": "http://cs.usfca.edu/~cs212/gutenberg/2701.htm",
			"count": 5276,
			"index": 2
		}
	],
	"dn do dp dq dr ds dt du dv dw dx dy dz": [
		{
			"where": "http://cs.usfca.edu/~cs212/gutenberg/2701.htm",
			"count": 2211,
			"index": 272
		}
	],
	"e": [
		{
			"where": "http://cs.usfca.edu/~cs212/gutenberg/2701.htm",
			"count": 4007,
			"index": 12
		}
	],
	"e f": [
		{
			"where": "http://cs.usfca.edu/~cs212/gutenberg/2701.htm",
			"count": 12366,
			"index": 12
		}
	],
	"e f g h": [
		{
			"where": "http://cs.usfca.edu/~cs212/gutenberg/2701.htm",
			"count": 29528,
			"index": 7
		}
	],
	"ea eb ec ed ee ef eg eh ei ej ek el em": [
		{
			"where": "http://cs.usfca.edu/~cs212/gutenberg/2701.htm",
			"count": 1141,
			"index": 12
		}
	],
	"ea ee ei eo eu": [
		{
			"where": "http://cs.usfca.edu/~cs212/gutenberg/2701.htm",
			"count": 539,
			"index": 1078
		}
	],
	"en eo ep eq er es et eu ev ew ex ey ez": [
		{
			"where": "http://cs.usfca.edu/~cs212/gutenberg/2701.htm",
			"count": 2864,
			"index": 88
		}
	],
	"f": [
		{
			"where": "http://cs.usfca.edu/~cs212/gutenberg/2701.htm",
			"count": 8359,
			"index": 25
		}
	],
	"f g h i j": [
		{
			"where": "http://cs.usfca.edu/~cs212/gutenberg/2701.htm",
			"count": 41049,
			"index": 7
		}
	],
	"fa fb fc fd fe ff fg fh fi fj fk fl fm": [
		{
			"where": "http://cs.usfca.edu/~cs212/gutenberg/2701.htm",
			"count": 3650,
			"index": 275
		}
	],
	"fa fe fi fo fu": [
		{
			"where": "http://cs.usfca.edu/~cs212/gutenberg/2701.htm",
			"count": 6168,
			"index": 25
		}
	],
	"fn fo fp fq fr fs ft fu fv fw fx fy fz": [
		{
			"where": "http://cs.usfca.edu/~cs212/gutenberg/2701.htm",
			"count": 4708,
			"index": 25
		}
	],
	"g": [
		{
			"where": "http://cs.usfca.edu/~cs212/gutenberg/2701.htm",
			"count": 3594,
			"index": 11
		}
	],
	"g h": [
		{
			"where": "http://cs.usfca.edu/~cs212/gutenberg/2701.htm",
			"count": 17162,
			"index": 7
		}
	],
	"g h i": [
		{
			"where": "http://cs.usfca.edu/~cs212/gutenberg/2701.htm",
			"count": 31854,
			"index": 7
		}
	],
	"g h i j k l": [
		{
			"where": "http://cs.usfca.edu/~cs212/gutenberg/2701.htm",
			"count": 39574,
			"index": 7
		}
	],
	"ga gb gc gd ge gf gg gh gi gj gk gl gm": [
		{
			"where": "http://cs.usfca.edu/~cs212/gutenberg/2701.htm",
			"count": 1422,
			"index": 44
		}
	],
	"ga ge gi go gu": [
		{
			"where": "http://cs.usfca.edu/~cs212/gutenberg/2701.htm",
			"count": 2288,
			"index": 11
		}
	],
	"gn go gp gq gr gs gt gu gv gw gx gy gz": [
		{
			"where": "http://cs.usfca.edu/~cs212/gutenberg/2701.htm",
			"count": 2172,
			"index": 11
		}
	],
	"h": [
		{
			"where": "http://cs.usfca.edu/~cs212/gutenberg/2701.htm",
			"count": 13568,
			"index": 7
		}
	],
	"h i j k l m n": [
		{
			"where": "http://cs.usfca.edu/~cs212/gutenberg/2701.htm",
			"count": 49208,
			"index": 1
		}
	],
	"ha hb hc hd he hf hg hh hi hj hk hl hm": [
		{
			"where": "http://cs.usfca.edu/~cs212/gutenberg/2701.htm",
			"count": 11693,
			"index": 7
		}
	],
	"ha he hi ho hu": [
		{
			"where": "http://cs.usfca.edu/~cs212/gutenberg/2701.htm",
			"count": 13530,
			"index": 7
		}
	],
	"hn ho hp hq hr hs ht hu hv hw hx hy hz": [
		{
			"where": "http://cs.usfca.edu/~cs212/gutenberg/2701.htm",
			"count": 1873,
			"index": 319
		}
	],
	"i": [
		{
			"where": "http://cs.usfca.edu/~cs212/gutenberg/2701.htm",
			"count": 14692,
			"index": 24
		}
	],
	"i j": [
		{
			"where": "http://cs.usfca.edu/~cs212/gutenberg/2701.htm",
			"count": 15528,
			"index": 24
		}
	],
	"i j k l": [
		{
			"where": "http://cs.usfca.edu/~cs212/gutenberg/2701.htm",
			"count": 22412,
			"index": 24
		}
	],
	"i j k l m n o p": [
		{
			"where": "http://cs.usfca.edu/~cs212/gutenberg/2701.htm",
			"count": 56274,
			"index": 1
		}
	],
	"ia ib ic id ie if ig ih ii ij ik il im": [
		{
			"where": "http://cs.usfca.edu/~cs212/gutenberg/2701.htm",
			"count": 1206,
			"index": 956
		}
	],
	"ia ie ii io iu": [
		{
			"where": "http://cs.usfca.edu/~cs212/gutenberg/2701.htm",
			"count": 33,
			"index": 3109
		}
	],
	"in io ip iq ir is it iu iv iw ix iy iz": [
		{
			"where": "http://cs.usfca.edu/~cs212/gutenberg/2701.htm",
			"count": 11543,
			"index": 24
		}
	],
	"j": [
		{
			"where": "http://cs.usfca.edu/~cs212/gutenberg/2701.htm",
			"count": 836,
			"index": 84
		}
	],
	"j k l": [
		{
			"where": "http://cs.usfca.edu/~cs212/gutenberg/2701.htm",
			"count": 7720,
			"index": 57
		}
	],
	"j k l m n o p q r": [
		{
			"where": "http://cs.usfca.edu/~cs212/gutenberg/2701.htm",
			"count": 46198,
			"index": 1
		}
	],
	"ja jb jc jd je jf jg jh ji jj jk jl jm": [
		{
			"where": "http://cs.usfca.edu/~cs212/gutenberg/2701.htm",
			"count": 322,
			"index": 84
		}
	],
	"ja je ji jo ju": [
		{
			"where": "http://cs.usfca.edu/~cs212/gutenberg/2701.htm",
			"count": 832,
			"index": 84
		}
	],
	"jn jo jp jq jr js jt ju jv jw jx jy jz": [
		{
			"where": "http://cs.usfca.edu/~cs212/gutenberg/2701.htm",
			"count": 510,
			"index": 108
		}
	],
	"k": [
		{
			"where": "http://cs.usfca.edu/~cs212/gutenberg/2701.htm",
			"count": 945,
			"index": 222
		}
	],
	"k l": [
		{
			"where": "http://cs.usfca.edu/~cs212/gutenberg/2701.htm",
			"count": 6884,
			"index": 57
		}
	],
	"k l m n o": [
		{
			"where": "http://cs.usfca.edu/~cs212/gutenberg/2701.htm",
			"count": 34513,
			"index": 1
		}
	],
	"k l m n o p q r s t": [
		{
			"where": "http://cs.usfca.edu/~cs212/gutenberg/2701.htm",
			"count": 99167,
			"index": 1
		}
	],
	"ka kb kc kd ke kf kg kh ki kj kk kl km": [
		{
			"where": "http://cs.usfca.edu/~cs212/gutenberg/2701.htm",
			"count": 500,
			"index": 390
		}
	],
	"ka ke ki ko ku": [
		{
			"where": "http://cs.usfca.edu/~cs212/gutenberg/2701.htm",
			"count": 501,
			"index": 390
		}
	],
	"kn ko kp kq kr ks kt ku kv kw kx ky kz": [
		{
			"where": "http://cs.usfca.edu/~cs212/gutenberg/2701.htm",
			"count": 445,
			"index": 222
		}
	],
	"l": [
		{
			"where": "http://cs.usfca.edu/~cs212/gutenberg/2701.htm",
			"count": 5939,
			"index": 57
		}
	],
	"la lb lc ld le lf lg lh li lj lk ll lm": [
		{
			"where": "http://cs.usfca.edu/~cs212/gutenberg/2701.htm",
			"count": 4390,
			"index": 57
		}
	],
	"la le li lo lu": [
		{
			"where": "http://cs.usfca.edu/~cs212/gutenberg/2701.htm",
			"count": 5905,
			"index": 57
		}
	],
	"ln lo lp lq lr ls lt lu lv lw lx ly lz": [
		{
			"where": "http://cs.usfca.edu/~cs212/gutenberg/2701.htm",
			"count": 1543,
			"index": 128
		}
	],
	"m": [
		{
			"where": "http://cs.usfca.edu/~cs212/gutenberg/2701.htm",
			"count": 8398,
			"index": 1
		}
	],
	"m n": [
		{
			"where": "http://cs.usfca.edu/~cs212/gutenberg/2701.htm",
			"count": 13228,
			"index": 1
		}
	],
	"m n o": [
		{
			"where": "http://cs.usfca.edu/~cs212/gutenberg/2701.htm",
			"count": 27629,
			"index": 1
		}
	],
	"m n o p": [
		{
			"where": "http://cs.usfca.edu/~cs212/gutenberg/2701.htm",
			"count": 33862,
			"index": 1
		}
	],
	"m n o p q r": [
		{
			"where": "http://cs.usfca.edu/~cs212/gutenberg/2701.htm",
			"count": 38478,
			"index": 1
		}
	],
	"ma mb mc md me mf mg mh mi mj mk ml mm": [
		{
			"where": "http://cs.usfca.edu/~cs212/gutenberg/2701.htm",
			"count": 5045,
			"index": 8
		}
	],
	"ma me mi mo mu": [
		{
			"where": "http://cs.usfca.edu/~cs212/gutenberg/2701.htm",
			"count": 7609,
			"index": 1
		}
	],
	"mn mo mp mq mr ms mt mu mv mw mx my mz": [
		{
			"where": "http://cs.usfca.edu/~cs212/gutenberg/2701.htm",
			"count": 3353,
			"index": 1
		}
	],
	"n": [
		{
			"where": "http://cs.usfca.edu/~cs212/gutenberg/2701.htm",
			"count": 4830,
			"index": 32
		}
	],
	"na nb nc nd ne nf ng nh ni nj nk nl nm": [
		{
			"where": "http://cs.usfca.edu/~cs212/gutenberg/2701.htm",
			"count": 1620,
			"index": 167
		}
	],
	"na ne ni no nu": [
		{
			"where": "http://cs.usfca.edu/~cs212/gutenberg/2701.htm",
			"count": 4829,
			"index": 32
		}
	],
	"nn no np nq nr ns nt nu nv nw nx ny nz": [
		{
			"where": "http://cs.usfca.edu/~cs212/gutenberg/2701.htm",
			"count": 3209,
			"index": 32
		}
	],
	"o": [
		{
			"where": "http://cs.usfca.edu/~cs212/gutenberg/2701.htm",
			"count": 14401,
			"index": 3
		}
	],
	"o p": [
		{
			"where": "http://cs.usfca.edu/~cs212/gutenberg/2701.htm",
			"count": 20634,
			"index": 3
		}
	],
	"o p q r s t u": [
		{
			"where": "http://cs.usfca.edu/~cs212/gutenberg/2701.htm",
			"count": 81771,
			"index": 3
		}
	],
	"oa ob oc od oe of og oh oi oj ok ol om": [
		{
			"where": "http://cs.usfca.edu/~cs212/gutenberg/2701.htm",
			"count": 8423,
			"index": 13
		}
	],
	"oa oe oi oo ou": [
		{
			"where": "http://cs.usfca.edu/~cs212/gutenberg/2701.htm",
			"count": 1103,
			"index": 951
		}
	],
	"on oo op oq or os ot ou ov ow ox oy oz": [
		{
			"where": "http://cs.usfca.edu/~cs212/gutenberg/2701.htm",
			"count": 5950,
			"index": 3
		}
	],
	"p": [
		{
			"where": "http://cs.usfca.edu/~cs212/gutenberg/2701.htm",
			"count": 6233,
			"index": 10
		}
	],
	"p q r": [
		{
			"where": "http://cs.usfca.edu/~cs212/gutenberg/2701.htm",
			"count": 10849,
			"index": 10
		}
	],
	"p q r s t": [
		{
			"where": "http://cs.usfca.edu/~cs212/gutenberg/2701.htm",
			"count": 64654,
			"index": 4
		}
	],
	"pa pb pc pd pe pf pg ph pi pj pk pl pm": [
		{
			"where": "http://cs.usfca.edu/~cs212/gutenberg/2701.htm",
			"count": 3413,
			"index": 243
		}
	],
	"pa pe pi po pu": [
		{
			"where": "http://cs.usfca.edu/~cs212/gutenberg/2701.htm",
			"count": 4009,
			"index": 155
		}
	],
	"pn po pp pq pr ps pt pu pv pw px py pz": [
		{
			"where": "http://cs.usfca.edu/~cs212/gutenberg/2701.htm",
			"count": 2820,
			"index": 10
		}
	],
	"q": [
		{
			"where": "http://cs.usfca.edu/~cs212/gutenberg/2701.htm",
			"count": 713,
			"index": 246
		}
	],
	"q r": [
		{
			"where": "http://cs.usfca.edu/~cs212/gutenberg/2701.htm",
			"count": 4616,
			"index": 38
		}
	],
	"q r s t": [
		{
			"where": "http://cs.usfca.edu/~cs212/gutenberg/2701.htm",
			"count": 58421,
			"index": 4
		}
	],
	"q r s t u v w x": [
		{
			"where": "http://cs.usfca.edu/~cs212/gutenberg/2701.htm",
			"count": 77484,
			"index": 4
		}
	],
	"qa qb qc qd qe qf qg qh qi qj qk ql qm": [
	],
	"qa qe qi qo qu": [
		{
			"where": "http://cs.usfca.edu/~cs212/gutenberg/2701.htm",
			"count": 713,
			"index": 246
		}
	],
	"qn qo qp qq qr qs qt qu qv qw qx qy qz": [
		{
			"where": "http://cs.usfca.edu/~cs212/gutenberg/2701.htm",
			"count": 713,
			"index": 246
		}
	],
	"r": [
		{
			"where": "http://cs.usfca.edu/~cs212/gutenberg/2701.htm",
			"count": 3903,
			"index": 38
		}
	],
	"ra rb rc rd re rf rg rh ri rj rk rl rm": [
		{
			"where": "http://cs.usfca.edu/~cs212/gutenberg/2701.htm",
			"count": 2830,
			"index": 38
		}
	],
	"ra re ri ro ru": [
		{
			"where": "http://cs.usfca.edu/~cs212/gutenberg/2701.htm",
			"count": 3894,
			"index": 38
		}
	],
	"rn ro rp rq rr rs rt ru rv rw rx ry rz": [
		{
			"where": "http://cs.usfca.edu/~cs212/gutenberg/2701.htm",
			"count": 1073,
			"index": 550
		}
	],
	"s": [
		{
			"where": "http://cs.usfca.edu/~cs212/gutenberg/2701.htm",
			"count": 18159,
			"index": 90
		}
	],
	"s t": [
		{
			"where": "http://cs.usfca.edu/~cs212/gutenberg/2701.htm",
			"count": 53805,
			"index": 4
		}
	],
	"s t u": [
		{
			"where": "http://cs.usfca.edu/~cs212/gutenberg/2701.htm",
			"count": 56521,
			"index": 4
		}
	],
	"s t u v w x": [
		{
			"where": "http://cs.usfca.edu/~cs212/gutenberg/2701.htm",
			"count": 72868,
			"index": 4
		}
	],
	"sa sb sc sd se sf sg sh si sj sk sl sm": [
		{
			"where": "http://cs.usfca.edu/~cs212/gutenberg/2701.htm",
			"count": 8750,
			"index": 90
		}
	],
	"sa se si so su": [
		{
			"where": "http://cs.usfca.edu/~cs212/gutenberg/2701.htm",
			"count": 9880,
			"index": 90
		}
	],
	"sn so sp sq sr ss st su sv sw sx sy sz": [
		{
			"where": "http://cs.usfca.edu/~cs212/gutenberg/2701.htm",
			"count": 9406,
			"index": 93
		}
	],
	"t": [
		{
			"where": "http://cs.usfca.edu/~cs212/gutenberg/2701.htm",
			"count": 35646,
			"index": 4
		}
	],
	"ta tb tc td te tf tg th ti tj tk tl tm": [
		{
			"where": "http://cs.usfca.edu/~cs212/gutenberg/2701.htm",
			"count": 28381,
			"index": 4
		}
	],
	"ta te ti to tu": [
		{
			"where": "http://cs.usfca.edu/~cs212/gutenberg/2701.htm",
			"count": 8221,
			"index": 52
		}
	],
	"tn to tp tq tr ts tt tu tv tw tx ty tz": [
		{
			"where": "http://cs.usfca.edu/~cs212/gutenberg/2701.htm",
			"count": 7257,
			"index": 237
		}
	],
	"u": [
		{
			"where": "http://cs.usfca.edu/~cs212/gutenberg/2701.htm",
			"count": 2716,
			"index": 27
		}
	],
	"u v": [
		{
			"where": "http://cs.usfca.edu/~cs212/gutenberg/2701.htm",
			"count": 4308,
			"index": 27
		}
	],
	"u v w x": [
		{
			"where": "http://cs.usfca.edu/~cs212/gutenberg/2701.htm",
			"count": 19063,
			"index": 5
		}
	],
	"u v w x y": [
		{
			"where": "http://cs.usfca.edu/~cs212/gutenberg/2701.htm",
			"count": 21586,
			"index": 5
		}
	],
	"ua ub uc ud ue uf ug uh ui uj uk ul um": [
		{
			"where": "http://cs.usfca.edu/~cs212/gutenberg/2701.htm",
			"count": 38,
			"index": 2482
		}
	],
	"ua ue ui uo uu": [
	],
	"un uo up uq ur us ut uu uv uw ux uy uz": [
		{
			"where": "http://cs.usfca.edu/~cs212/gutenberg/2701.htm",
			"count": 2677,
			"index": 27
		}
	],
	"v": [
		{
			"where": "http://cs.usfca.edu/~cs212/gutenberg/2701.htm",
			"count": 1592,
			"index": 462
		}
	],
	"v w x": [
		{
			"where": "http://cs.usfca.edu/~cs212/gutenberg/2701.htm",
			"count": 16347,
			"index": 5
		}
	],
	"va vb vc vd ve vf vg vh vi vj vk vl vm": [
		{
			"where": "http://cs.usfca.edu/~cs212/gutenberg/2701.htm",
			"count": 1319,
			"index": 462
		}
	],
	"va ve vi vo vu": [
		{
			"where": "http://cs.usfca.edu/~cs212/gutenberg/2701.htm",
			"count": 1586,
			"index": 462
		}
	],
	"vn vo vp vq vr vs vt vu vv vw vx vy vz": [
		{
			"where": "http://cs.usfca.edu/~cs212/gutenberg/2701.htm",
			"count": 268,
			"index": 2134
		}
	],
	"w": [
		{
			"where": "http://cs.usfca.edu/~cs212/gutenberg/2701.htm",
			"count": 14750,
			"index": 5
		}
	],
	"w x": [
		{
			"where": "http://cs.usfca.edu/~cs212/gutenberg/2701.htm",
			"count": 14755,
			"index": 5
		}
	],
	"wa wb wc wd we wf wg wh wi wj wk wl wm": [
		{
			"where": "http://cs.usfca.edu/~cs212/gutenberg/2701.htm",
			"count": 13193,
			"index": 5
		}
	],
	"wa we wi wo wu": [
		{
			"where": "http://cs.usfca.edu/~cs212/gutenberg/2701.htm",
			"count": 8997,
			"index": 35
		}
	],
	"wn wo wp wq wr ws wt wu wv ww wx wy wz": [
		{
			"where": "http://cs.usfca.edu/~cs212/gutenberg/2701.htm",
			"count": 1557,
			"index": 65
		}
	],
	"x": [
		{
			"where": "http://cs.usfca.edu/~cs212/gutenberg/2701.htm",
			"count": 5,
			"index": 29600
		}
	],
	"xa xb xc xd xe xf xg xh xi xj xk xl xm": [
		{
			"where": "http://cs.usfca.edu/~cs212/gutenberg/2701.htm",
			"count": 2,
			"index": 73374
		}
	],
	"xa xe xi xo xu": [
		{
			"where": "http://cs.usfca.edu/~cs212/gutenberg/2701.htm",
			"count": 2,
			"index": 73374
		}
	],
	"xn xo xp xq xr xs xt xu xv xw xx xy xz": [
		{
			"where": "http://cs.usfca.edu/~cs212/gutenberg/2701.htm",
			"count": 2,
			"index": 29600
		}
	],
	"y": [
		{
			"where": "http://cs.usfca.edu/~cs212/gutenberg/2701.htm",
			"count": 2523,
			"index": 40
		}
	],
	"y z": [
		{
			"where": "http://cs.usfca.edu/~cs212/gutenberg/2701.htm",
			"count": 2556,
			"index": 40
		}
	],
	"ya yb yc yd ye yf yg yh yi yj yk yl ym": [
		{
			"where": "http://cs.usfca.edu/~cs212/gutenberg/2701.htm",
			"count": 1113,
			"index": 1253
		}
	],
	"ya ye yi yo yu": [
		{
			"where": "http://cs.usfca.edu/~cs212/gutenberg/2701.htm",
			"count": 2523,
			"index": 40
		}
	],
	"yn yo yp yq yr ys yt yu yv yw yx yy yz": [
		{
			"where": "http://cs.usfca.edu/~cs212/gutenberg/2701.htm",
			"count": 1410,
			"index": 40
		}
	],
	"z": [
		{
			"where": "http://cs.usfca.edu/~cs212/gutenberg/2701.htm",
			"count": 33,
			"index": 7642
		}
	],
	"za zb zc zd ze zf zg zh zi zj zk zl zm": [
		{
			"where": "http://cs.usfca.edu/~cs212/gutenberg/2701.htm",
			"count": 14,
			"index": 7642
		}
	],
	"za ze zi zo zu": [
		{
			"where": "http://cs.usfca.edu/~cs212/gutenberg/2701.htm",
			"count": 33,
			"index": 7642
		}
	],
	"zn zo zp zq zr zs zt zu zv zw zx zy zz": [
		{
			"where": "http://cs.usfca.edu/~cs212/gutenberg/2701.htm",
			"count": 19,
			"index": 15799
		}
	]
}
