{
	"0": [
	],
	"0 1": [
		{
			"where": "input/index/simple/digits.txt",
			"count": 3,
			"index": 1
		}
	],
	"0 1 2 3 4": [
		{
			"where": "input/index/simple/digits.txt",
			"count": 5,
			"index": 1
		}
	],
	"0 1 2 3 4 5 6 7 8 9": [
		{
			"where": "input/index/simple/digits.txt",
			"count": 5,
			"index": 1
		}
	],
	"1": [
		{
			"where": "input/index/simple/digits.txt",
			"count": 3,
			"index": 1
		}
	],
	"10 11 21 31 41 51": [
	],
	"12 20 22 32 42 52": [
		{
			"where": "input/index/simple/digits.txt",
			"count": 2,
			"index": 4
		}
	],
	"13 23 30 33 43 53": [
	],
	"14 24 34 40 44 54": [
	],
	"15 25 35 45 50 55": [
	],
	"16 26 36 46 56 60": [
	],
	"17 27 37 47 57 70": [
	],
	"18 28 38 48 58 80": [
	],
	"19 29 39 49 59 90": [
	],
	"2": [
		{
			"where": "input/index/simple/digits.txt",
			"count": 1,
			"index": 2
		}
	],
	"2 3": [
		{
			"where": "input/index/simple/digits.txt",
			"count": 2,
			"index": 2
		}
	],
	"3": [
		{
			"where": "input/index/simple/digits.txt",
			"count": 1,
			"index": 3
		}
	],
	"4": [
	],
	"4 5": [
	],
	"5": [
	],
	"5 6 7 8 9": [
	],
	"6": [
	],
	"6 7": [
	],
	"7": [
	],
	"8": [
	],
	"8 9": [
	],
	"9": [
	],
	"a": [
		{
			"where": "input/index/simple/symbols.txt",
			"count": 10,
			"index": 1
		},
		{
			"where": "input/index/simple/a/b/c/d/subdir.txt",
			"count": 1,
			"index": 1
		},
		{
			"where": "input/index/simple/capital_extension.TXT",
			"count": 1,
			"index": 1
		},
		{
			"where": "input/index/simple/digits.txt",
			"count": 1,
			"index": 5
		}
	],
	"a b": [
		{
			"where": "input/index/simple/symbols.txt",
			"count": 10,
			"index": 1
		},
		{
			"where": "input/index/simple/a/b/c/d/subdir.txt",
			"count": 1,
			"index": 1
		},
		{
			"where": "input/index/simple/capital_extension.TXT",
			"count": 1,
			"index": 1
		},
		{
			"where": "input/index/simple/digits.txt",
			"count": 1,
			"index": 5
		}
	],
	"a b c": [
		{
			"where": "input/index/simple/symbols.txt",
			"count": 10,
			"index": 1
		},
		{
			"where": "input/index/simple/a/b/c/d/subdir.txt",
			"count": 1,
			"index": 1
		},
		{
			"where": "input/index/simple/capital_extension.TXT",
			"count": 1,
			"index": 1
		},
		{
			"where": "input/index/simple/digits.txt",
			"count": 1,
			"index": 5
		}
	],
	"a b c d": [
		{
			"where": "input/index/simple/symbols.txt",
			"count": 10,
			"index": 1
		},
		{
			"where": "input/index/simple/a/b/c/d/subdir.txt",
			"count": 1,
			"index": 1
		},
		{
			"where": "input/index/simple/capital_extension.TXT",
			"count": 1,
			"index": 1
		},
		{
			"where": "input/index/simple/digits.txt",
			"count": 1,
			"index": 5
		}
	],
	"a b c d e": [
		{
			"where": "input/index/simple/symbols.txt",
			"count": 10,
			"index": 1
		},
		{
			"where": "input/index/simple/capitals.txt",
			"count": 4,
			"index": 1
		},
		{
			"where": "input/index/simple/position.txt",
			"count": 3,
			"index": 8
		},
		{
			"where": "input/index/simple/a/b/c/d/subdir.txt",
			"count": 1,
			"index": 1
		},
		{
			"where": "input/index/simple/capital_extension.TXT",
			"count": 1,
			"index": 1
		},
		{
			"where": "input/index/simple/digits.txt",
			"count": 1,
			"index": 5
		}
	],
	"a b c d e f": [
		{
			"where": "input/index/simple/symbols.txt",
			"count": 10,
			"index": 1
		},
		{
			"where": "input/index/simple/position.txt",
			"count": 7,
			"index": 4
		},
		{
			"where": "input/index/simple/capitals.txt",
			"count": 4,
			"index": 1
		},
		{
			"where": "input/index/simple/a/b/c/d/subdir.txt",
			"count": 1,
			"index": 1
		},
		{
			"where": "input/index/simple/capital_extension.TXT",
			"count": 1,
			"index": 1
		},
		{
			"where": "input/index/simple/digits.txt",
			"count": 1,
			"index": 5
		}
	],
	"a b c d e f g": [
		{
			"where": "input/index/simple/symbols.txt",
			"count": 10,
			"index": 1
		},
		{
			"where": "input/index/simple/position.txt",
			"count": 7,
			"index": 4
		},
		{
			"where": "input/index/simple/capitals.txt",
			"count": 4,
			"index": 1
		},
		{
			"where": "input/index/simple/a/b/c/d/subdir.txt",
			"count": 1,
			"index": 1
		},
		{
			"where": "input/index/simple/capital_extension.TXT",
			"count": 1,
			"index": 1
		},
		{
			"where": "input/index/simple/digits.txt",
			"count": 1,
			"index": 5
		}
	],
	"a b c d e f g h": [
		{
			"where": "input/index/simple/symbols.txt",
			"count": 10,
			"index": 1
		},
		{
			"where": "input/index/simple/position.txt",
			"count": 7,
			"index": 4
		},
		{
			"where": "input/index/simple/capitals.txt",
			"count": 4,
			"index": 1
		},
		{
			"where": "input/index/simple/a/b/c/d/subdir.txt",
			"count": 1,
			"index": 1
		},
		{
			"where": "input/index/simple/capital_extension.TXT",
			"count": 1,
			"index": 1
		},
		{
			"where": "input/index/simple/digits.txt",
			"count": 1,
			"index": 5
		}
	],
	"a b c d e f g h i": [
		{
			"where": "input/index/simple/symbols.txt",
			"count": 10,
			"index": 1
		},
		{
			"where": "input/index/simple/position.txt",
			"count": 7,
			"index": 4
		},
		{
			"where": "input/index/simple/capitals.txt",
			"count": 4,
			"index": 1
		},
		{
			"where": "input/index/simple/a/b/c/d/subdir.txt",
			"count": 1,
			"index": 1
		},
		{
			"where": "input/index/simple/capital_extension.TXT",
			"count": 1,
			"index": 1
		},
		{
			"where": "input/index/simple/digits.txt",
			"count": 1,
			"index": 5
		}
	],
	"a b c d e f g h i j": [
		{
			"where": "input/index/simple/symbols.txt",
			"count": 10,
			"index": 1
		},
		{
			"where": "input/index/simple/position.txt",
			"count": 7,
			"index": 4
		},
		{
			"where": "input/index/simple/capitals.txt",
			"count": 4,
			"index": 1
		},
		{
			"where": "input/index/simple/a/b/c/d/subdir.txt",
			"count": 1,
			"index": 1
		},
		{
			"where": "input/index/simple/capital_extension.TXT",
			"count": 1,
			"index": 1
		},
		{
			"where": "input/index/simple/digits.txt",
			"count": 1,
			"index": 5
		}
	],
	"aa ab ac ad ae af ag ah ai aj ak al am": [
		{
			"where": "input/index/simple/a/b/c/d/subdir.txt",
			"count": 1,
			"index": 1
		},
		{
			"where": "input/index/simple/capital_extension.TXT",
			"count": 1,
			"index": 1
		}
	],
	"aa ae ai ao au": [
		{
			"where": "input/index/simple/capital_extension.TXT",
			"count": 1,
			"index": 1
		}
	],
	"aa ee ii oo uu": [
		{
			"where": "input/index/simple/capital_extension.TXT",
			"count": 1,
			"index": 1
		}
	],
	"an ao ap aq ar as at au av aw ax ay az": [
		{
			"where": "input/index/simple/symbols.txt",
			"count": 10,
			"index": 1
		}
	],
	"b": [
	],
	"ba bb bc bd be bf bg bh bi bj bk bl bm": [
	],
	"ba be bi bo bu": [
	],
	"bn bo bp bq br bs bt bu bv bw bx by bz": [
	],
	"c": [
	],
	"c d": [
	],
	"ca cb cc cd ce cf cg ch ci cj ck cl cm": [
	],
	"ca ce ci co cu": [
	],
	"cn co cp cq cr cs ct cu cv cw cx cy cz": [
	],
	"d": [
	],
	"d e f": [
		{
			"where": "input/index/simple/position.txt",
			"count": 7,
			"index": 4
		},
		{
			"where": "input/index/simple/capitals.txt",
			"count": 4,
			"index": 1
		}
	],
	"da db dc dd de df dg dh di dj dk dl dm": [
	],
	"da de di do du": [
	],
	"dn do dp dq dr ds dt du dv dw dx dy dz": [
	],
	"e": [
		{
			"where": "input/index/simple/capitals.txt",
			"count": 4,
			"index": 1
		},
		{
			"where": "input/index/simple/position.txt",
			"count": 3,
			"index": 8
		}
	],
	"e f": [
		{
			"where": "input/index/simple/position.txt",
			"count": 7,
			"index": 4
		},
		{
			"where": "input/index/simple/capitals.txt",
			"count": 4,
			"index": 1
		}
	],
	"e f g h": [
		{
			"where": "input/index/simple/position.txt",
			"count": 7,
			"index": 4
		},
		{
			"where": "input/index/simple/capitals.txt",
			"count": 4,
			"index": 1
		}
	],
	"ea eb ec ed ee ef eg eh ei ej ek el em": [
		{
			"where": "input/index/simple/capitals.txt",
			"count": 4,
			"index": 1
		},
		{
			"where": "input/index/simple/position.txt",
			"count": 3,
			"index": 8
		}
	],
	"ea ee ei eo eu": [
		{
			"where": "input/index/simple/position.txt",
			"count": 2,
			"index": 8
		}
	],
	"en eo ep eq er es et eu ev ew ex ey ez": [
	],
	"f": [
		{
			"where": "input/index/simple/position.txt",
			"count": 4,
			"index": 4
		}
	],
	"f g h i j": [
		{
			"where": "input/index/simple/position.txt",
			"count": 4,
			"index": 4
		}
	],
	"fa fb fc fd fe ff fg fh fi fj fk fl fm": [
		{
			"where": "input/index/simple/position.txt",
			"count": 2,
			"index": 5
		}
	],
	"fa fe fi fo fu": [
		{
			"where": "input/index/simple/position.txt",
			"count": 4,
			"index": 4
		}
	],
	"fn fo fp fq fr fs ft fu fv fw fx fy fz": [
		{
			"where": "input/index/simple/position.txt",
			"count": 2,
			"index": 4
		}
	],
	"g": [
	],
	"g h": [
	],
	"g h i": [
	],
	"g h i j k l": [
	],
	"ga gb gc gd ge gf gg gh gi gj gk gl gm": [
	],
	"ga ge gi go gu": [
	],
	"gn go gp gq gr gs gt gu gv gw gx gy gz": [
	],
	"h": [
	],
	"h i j k l m n": [
		{
			"where": "input/index/simple/position.txt",
			"count": 2,
			"index": 9
		}
	],
	"ha hb hc hd he hf hg hh hi hj hk hl hm": [
	],
	"ha he hi ho hu": [
	],
	"hn ho hp hq hr hs ht hu hv hw hx hy hz": [
	],
	"i": [
	],
	"i j": [
	],
	"i j k l": [
	],
	"i j k l m n o p": [
		{
			"where": "input/index/simple/position.txt",
			"count": 3,
			"index": 1
		}
	],
	"ia ib ic id ie if ig ih ii ij ik il im": [
	],
	"ia ie ii io iu": [
	],
	"in io ip iq ir is it iu iv iw ix iy iz": [
	],
	"j": [
	],
	"j k l": [
	],
	"j k l m n o p q r": [
		{
			"where": "input/index/simple/position.txt",
			"count": 3,
			"index": 1
		}
	],
	"ja jb jc jd je jf jg jh ji jj jk jl jm": [
	],
	"ja je ji jo ju": [
	],
	"jn jo jp jq jr js jt ju jv jw jx jy jz": [
	],
	"k": [
	],
	"k l": [
	],
	"k l m n o": [
		{
			"where": "input/index/simple/position.txt",
			"count": 3,
			"index": 1
		}
	],
	"k l m n o p q r s t": [
		{
			"where": "input/index/simple/position.txt",
			"count": 13,
			"index": 1
		}
	],
	"ka kb kc kd ke kf kg kh ki kj kk kl km": [
	],
	"ka ke ki ko ku": [
	],
	"kn ko kp kq kr ks kt ku kv kw kx ky kz": [
	],
	"l": [
	],
	"la lb lc ld le lf lg lh li lj lk ll lm": [
	],
	"la le li lo lu": [
	],
	"ln lo lp lq lr ls lt lu lv lw lx ly lz": [
	],
	"m": [
	],
	"m n": [
		{
			"where": "input/index/simple/position.txt",
			"count": 2,
			"index": 9
		}
	],
	"m n o": [
		{
			"where": "input/index/simple/position.txt",
			"count": 3,
			"index": 1
		}
	],
	"m n o p": [
		{
			"where": "input/index/simple/position.txt",
			"count": 3,
			"index": 1
		}
	],
	"m n o p q r": [
		{
			"where": "input/index/simple/position.txt",
			"count": 3,
			"index": 1
		}
	],
	"ma mb mc md me mf mg mh mi mj mk ml mm": [
	],
	"ma me mi mo mu": [
	],
	"mn mo mp mq mr ms mt mu mv mw mx my mz": [
	],
	"n": [
		{
			"where": "input/index/simple/position.txt",
			"count": 2,
			"index": 9
		}
	],
	"na nb nc nd ne nf ng nh ni nj nk nl nm": [
		{
			"where": "input/index/simple/position.txt",
			"count": 2,
			"index": 9
		}
	],
	"na ne ni no nu": [
		{
			"where": "input/index/simple/position.txt",
			"count": 2,
			"index": 9
		}
	],
	"nn no np nq nr ns nt nu nv nw nx ny nz": [
	],
	"o": [
		{
			"where": "input/index/simple/position.txt",
			"count": 1,
			"index": 1
		}
	],
	"o p": [
		{
			"where": "input/index/simple/position.txt",
			"count": 1,
			"index": 1
		}
	],
	"o p q r s t u": [
		{
			"where": "input/index/simple/position.txt",
			"count": 11,
			"index": 1
		}
	],
	"oa ob oc od oe of og oh oi oj ok ol om": [
	],
	"oa oe oi oo ou": [
	],
	"on oo op oq or os ot ou ov ow ox oy oz": [
		{
			"where": "input/index/simple/position.txt",
			"count": 1,
			"index": 1
		}
	],
	"p": [
	],
	"p q r": [
	],
	"p q r s t": [
		{
			"where": "input/index/simple/position.txt",
			"count": 10,
			"index": 2
		}
	],
	"pa pb pc pd pe pf pg ph pi pj pk pl pm": [
	],
	"pa pe pi po pu": [
	],
	"pn po pp pq pr ps pt pu pv pw px py pz": [
	],
	"q": [
	],
	"q r": [
	],
	"q r s t": [
		{
			"where": "input/index/simple/position.txt",
			"count": 10,
			"index": 2
		}
	],
	"q r s t u v w x": [
		{
			"where": "input/index/simple/position.txt",
			"count": 10,
			"index": 2
		}
	],
	"qa qb qc qd qe qf qg qh qi qj qk ql qm": [
	],
	"qa qe qi qo qu": [
	],
	"qn qo qp qq qr qs qt qu qv qw qx qy qz": [
	],
	"r": [
	],
	"ra rb rc rd re rf rg rh ri rj rk rl rm": [
	],
	"ra re ri ro ru": [
	],
	"rn ro rp rq rr rs rt ru rv rw rx ry rz": [
	],
	"s": [
		{
			"where": "input/index/simple/position.txt",
			"count": 4,
			"index": 6
		}
	],
	"s t": [
		{
			"where": "input/index/simple/position.txt",
			"count": 10,
			"index": 2
		}
	],
	"s t u": [
		{
			"where": "input/index/simple/position.txt",
			"count": 10,
			"index": 2
		}
	],
	"s t u v w x": [
		{
			"where": "input/index/simple/position.txt",
			"count": 10,
			"index": 2
		}
	],
	"sa sb sc sd se sf sg sh si sj sk sl sm": [
		{
			"where": "input/index/simple/position.txt",
			"count": 4,
			"index": 6
		}
	],
	"sa se si so su": [
		{
			"where": "input/index/simple/position.txt",
			"count": 4,
			"index": 6
		}
	],
	"sn so sp sq sr ss st su sv sw sx sy sz": [
	],
	"t": [
		{
			"where": "input/index/simple/position.txt",
			"count": 6,
			"index": 2
		}
	],
	"ta tb tc td te tf tg th ti tj tk tl tm": [
		{
			"where": "input/index/simple/position.txt",
			"count": 3,
			"index": 3
		}
	],
	"ta te ti to tu": [
		{
			"where": "input/index/simple/position.txt",
			"count": 1,
			"index": 10
		}
	],
	"tn to tp tq tr ts tt tu tv tw tx ty tz": [
		{
			"where": "input/index/simple/position.txt",
			"count": 3,
			"index": 2
		}
	],
	"u": [
	],
	"u v": [
	],
	"u v w x": [
	],
	"u v w x y": [
	],
	"ua ub uc ud ue uf ug uh ui uj uk ul um": [
	],
	"ua ue ui uo uu": [
	],
	"un uo up uq ur us ut uu uv uw ux uy uz": [
	],
	"v": [
	],
	"v w x": [
	],
	"va vb vc vd ve vf vg vh vi vj vk vl vm": [
	],
	"va ve vi vo vu": [
	],
	"vn vo vp vq vr vs vt vu vv vw vx vy vz": [
	],
	"w": [
	],
	"w x": [
	],
	"wa wb wc wd we wf wg wh wi wj wk wl wm": [
	],
	"wa we wi wo wu": [
	],
	"wn wo wp wq wr ws wt wu wv ww wx wy wz": [
	],
	"x": [
	],
	"xa xb xc xd xe xf xg xh xi xj xk xl xm": [
	],
	"xa xe xi xo xu": [
	],
	"xn xo xp xq xr xs xt xu xv xw xx xy xz": [
	],
	"y": [
	],
	"y z": [
	],
	"ya yb yc yd ye yf yg yh yi yj yk yl ym": [
	],
	"ya ye yi yo yu": [
	],
	"yn yo yp yq yr ys yt yu yv yw yx yy yz": [
	],
	"z": [
	],
	"za zb zc zd ze zf zg zh zi zj zk zl zm": [
	],
	"za ze zi zo zu": [
	],
	"zn zo zp zq zr zs zt zu zv zw zx zy zz": [
	]
}
