{
	"chapter page": [
		{
			"where": "input/index/rfcs/rfc6819.txt",
			"count": 80,
			"index": 265
		},
		{
			"where": "input/index/rfcs/rfc3031.txt",
			"count": 61,
			"index": 202
		},
		{
			"where": "input/index/rfcs/rfc6797.txt",
			"count": 51,
			"index": 197
		},
		{
			"where": "input/index/rfcs/rfc6838.txt",
			"count": 33,
			"index": 246
		},
		{
			"where": "input/index/rfcs/rfc6805.txt",
			"count": 33,
			"index": 314
		},
		{
			"where": "input/index/rfcs/rfc6841.txt",
			"count": 27,
			"index": 211
		},
		{
			"where": "input/index/rfcs/rfc475.txt",
			"count": 8,
			"index": 425
		}
	],
	"ebook gutenberg license": [
		{
			"where": "input/index/rfcs/rfc6838.txt",
			"count": 2,
			"index": 216
		},
		{
			"where": "input/index/rfcs/rfc6819.txt",
			"count": 2,
			"index": 237
		},
		{
			"where": "input/index/rfcs/rfc6797.txt",
			"count": 2,
			"index": 281
		},
		{
			"where": "input/index/rfcs/rfc6841.txt",
			"count": 2,
			"index": 292
		},
		{
			"where": "input/index/rfcs/rfc6805.txt",
			"count": 2,
			"index": 418
		}
	],
	"he she": [
		{
			"where": "input/index/rfcs/rfc6819.txt",
			"count": 7,
			"index": 1799
		},
		{
			"where": "input/index/rfcs/rfc475.txt",
			"count": 3,
			"index": 1184
		},
		{
			"where": "input/index/rfcs/rfc6838.txt",
			"count": 1,
			"index": 8483
		},
		{
			"where": "input/index/rfcs/rfc6797.txt",
			"count": 1,
			"index": 13432
		}
	],
	"request": [
		{
			"where": "input/index/rfcs/rfc6819.txt",
			"count": 58,
			"index": 9
		},
		{
			"where": "input/index/rfcs/rfc6797.txt",
			"count": 43,
			"index": 8
		},
		{
			"where": "input/index/rfcs/rfc6805.txt",
			"count": 32,
			"index": 9
		},
		{
			"where": "input/index/rfcs/rfc3031.txt",
			"count": 31,
			"index": 6
		},
		{
			"where": "input/index/rfcs/rfc6838.txt",
			"count": 16,
			"index": 8
		},
		{
			"where": "input/index/rfcs/rfc475.txt",
			"count": 6,
			"index": 6
		},
		{
			"where": "input/index/rfcs/rfc6841.txt",
			"count": 5,
			"index": 8
		}
	],
	"web": [
		{
			"where": "input/index/rfcs/rfc6797.txt",
			"count": 104,
			"index": 41
		},
		{
			"where": "input/index/rfcs/rfc6819.txt",
			"count": 70,
			"index": 1158
		},
		{
			"where": "input/index/rfcs/rfc6838.txt",
			"count": 1,
			"index": 6550
		}
	]
}
