{
	"chapter page": [
		{
			"where": "http://cs.usfca.edu/~cs212/gutenberg/2701.htm",
			"count": 316,
			"index": 126
		},
		{
			"where": "http://cs.usfca.edu/~cs212/gutenberg/1342.htm",
			"count": 126,
			"index": 110
		},
		{
			"where": "http://cs.usfca.edu/~cs212/gutenberg/1228.htm",
			"count": 79,
			"index": 352
		},
		{
			"where": "http://cs.usfca.edu/~cs212/gutenberg/4300.htm",
			"count": 36,
			"index": 8032
		},
		{
			"where": "http://cs.usfca.edu/~cs212/gutenberg/11.htm",
			"count": 26,
			"index": 114
		},
		{
			"where": "http://cs.usfca.edu/~cs212/gutenberg/1661.htm",
			"count": 11,
			"index": 38291
		},
		{
			"where": "http://cs.usfca.edu/~cs212/gutenberg/1322.htm",
			"count": 7,
			"index": 4040
		},
		{
			"where": "http://cs.usfca.edu/~cs212/gutenberg/98.htm",
			"count": 3,
			"index": 3510
		}
	],
	"ebook gutenberg license": [
		{
			"where": "http://cs.usfca.edu/~cs212/gutenberg/1661.htm",
			"count": 60,
			"index": 3
		},
		{
			"where": "http://cs.usfca.edu/~cs212/gutenberg/4300.htm",
			"count": 57,
			"index": 7
		},
		{
			"where": "http://cs.usfca.edu/~cs212/gutenberg/1322.htm",
			"count": 57,
			"index": 9
		},
		{
			"where": "http://cs.usfca.edu/~cs212/gutenberg/98.htm",
			"count": 57,
			"index": 11
		},
		{
			"where": "http://cs.usfca.edu/~cs212/gutenberg/1342.htm",
			"count": 56,
			"index": 9
		},
		{
			"where": "http://cs.usfca.edu/~cs212/gutenberg/2701.htm",
			"count": 56,
			"index": 11
		},
		{
			"where": "http://cs.usfca.edu/~cs212/gutenberg/1228.htm",
			"count": 54,
			"index": 13
		},
		{
			"where": "http://cs.usfca.edu/~cs212/gutenberg/11.htm",
			"count": 52,
			"index": 18
		}
	],
	"he she": [
		{
			"where": "http://cs.usfca.edu/~cs212/gutenberg/4300.htm",
			"count": 5168,
			"index": 140
		},
		{
			"where": "http://cs.usfca.edu/~cs212/gutenberg/1342.htm",
			"count": 3037,
			"index": 290
		},
		{
			"where": "http://cs.usfca.edu/~cs212/gutenberg/98.htm",
			"count": 2292,
			"index": 690
		},
		{
			"where": "http://cs.usfca.edu/~cs212/gutenberg/1661.htm",
			"count": 1891,
			"index": 199
		},
		{
			"where": "http://cs.usfca.edu/~cs212/gutenberg/2701.htm",
			"count": 1867,
			"index": 623
		},
		{
			"where": "http://cs.usfca.edu/~cs212/gutenberg/11.htm",
			"count": 660,
			"index": 213
		},
		{
			"where": "http://cs.usfca.edu/~cs212/gutenberg/1322.htm",
			"count": 408,
			"index": 326
		},
		{
			"where": "http://cs.usfca.edu/~cs212/gutenberg/1228.htm",
			"count": 190,
			"index": 1667
		}
	],
	"request": [
		{
			"where": "http://cs.usfca.edu/~cs212/gutenberg/1342.htm",
			"count": 13,
			"index": 7104
		},
		{
			"where": "http://cs.usfca.edu/~cs212/gutenberg/4300.htm",
			"count": 10,
			"index": 26001
		},
		{
			"where": "http://cs.usfca.edu/~cs212/gutenberg/1228.htm",
			"count": 6,
			"index": 1678
		},
		{
			"where": "http://cs.usfca.edu/~cs212/gutenberg/98.htm",
			"count": 6,
			"index": 32240
		},
		{
			"where": "http://cs.usfca.edu/~cs212/gutenberg/1661.htm",
			"count": 5,
			"index": 24649
		},
		{
			"where": "http://cs.usfca.edu/~cs212/gutenberg/2701.htm",
			"count": 4,
			"index": 31174
		},
		{
			"where": "http://cs.usfca.edu/~cs212/gutenberg/11.htm",
			"count": 1,
			"index": 27798
		},
		{
			"where": "http://cs.usfca.edu/~cs212/gutenberg/1322.htm",
			"count": 1,
			"index": 124526
		}
	],
	"web": [
		{
			"where": "http://cs.usfca.edu/~cs212/gutenberg/1228.htm",
			"count": 9,
			"index": 24031
		},
		{
			"where": "http://cs.usfca.edu/~cs212/gutenberg/4300.htm",
			"count": 9,
			"index": 112007
		},
		{
			"where": "http://cs.usfca.edu/~cs212/gutenberg/1661.htm",
			"count": 8,
			"index": 38542
		},
		{
			"where": "http://cs.usfca.edu/~cs212/gutenberg/11.htm",
			"count": 6,
			"index": 27766
		},
		{
			"where": "http://cs.usfca.edu/~cs212/gutenberg/1342.htm",
			"count": 6,
			"index": 122968
		},
		{
			"where": "http://cs.usfca.edu/~cs212/gutenberg/1322.htm",
			"count": 6,
			"index": 124494
		},
		{
			"where": "http://cs.usfca.edu/~cs212/gutenberg/98.htm",
			"count": 6,
			"index": 137103
		},
		{
			"where": "http://cs.usfca.edu/~cs212/gutenberg/2701.htm",
			"count": 6,
			"index": 214083
		}
	]
}
