{
	"a b c": [
		{
			"where": "input/index/gutenberg/4300.txt",
			"count": 52992,
			"index": 7
		},
		{
			"where": "input/index/gutenberg/2701.txt",
			"count": 43430,
			"index": 11
		},
		{
			"where": "input/index/gutenberg/1228.txt",
			"count": 33976,
			"index": 11
		},
		{
			"where": "input/index/gutenberg/98.txt",
			"count": 26988,
			"index": 6
		},
		{
			"where": "input/index/gutenberg/1342.txt",
			"count": 24865,
			"index": 7
		},
		{
			"where": "input/index/gutenberg/1322.txt",
			"count": 23831,
			"index": 9
		},
		{
			"where": "input/index/gutenberg/1661.txt",
			"count": 20409,
			"index": 4
		},
		{
			"where": "input/index/gutenberg/11.txt",
			"count": 5832,
			"index": 3
		},
		{
			"where": "input/index/rfcs/rfc6819.txt",
			"count": 5297,
			"index": 11
		},
		{
			"where": "input/index/rfcs/rfc3031.txt",
			"count": 3894,
			"index": 8
		},
		{
			"where": "input/index/rfcs/rfc6797.txt",
			"count": 2600,
			"index": 10
		},
		{
			"where": "input/index/rfcs/rfc6805.txt",
			"count": 2234,
			"index": 11
		},
		{
			"where": "input/index/rfcs/rfc6838.txt",
			"count": 1851,
			"index": 10
		},
		{
			"where": "input/index/rfcs/rfc6841.txt",
			"count": 1615,
			"index": 10
		},
		{
			"where": "input/index/rfcs/rfc475.txt",
			"count": 679,
			"index": 4
		},
		{
			"where": "input/index/simple/symbols.txt",
			"count": 10,
			"index": 1
		},
		{
			"where": "input/index/simple/a/b/c/d/subdir.txt",
			"count": 1,
			"index": 1
		},
		{
			"where": "input/index/simple/capital_extension.TXT",
			"count": 1,
			"index": 1
		},
		{
			"where": "input/index/simple/digits.txt",
			"count": 1,
			"index": 5
		}
	],
	"ant": [
		{
			"where": "input/index/gutenberg/1228.txt",
			"count": 105,
			"index": 755
		},
		{
			"where": "input/index/gutenberg/4300.txt",
			"count": 81,
			"index": 31354
		},
		{
			"where": "input/index/gutenberg/98.txt",
			"count": 71,
			"index": 9901
		},
		{
			"where": "input/index/gutenberg/2701.txt",
			"count": 48,
			"index": 12531
		},
		{
			"where": "input/index/gutenberg/1322.txt",
			"count": 26,
			"index": 3175
		},
		{
			"where": "input/index/simple/symbols.txt",
			"count": 10,
			"index": 1
		},
		{
			"where": "input/index/gutenberg/1342.txt",
			"count": 10,
			"index": 20594
		},
		{
			"where": "input/index/gutenberg/1661.txt",
			"count": 4,
			"index": 8274
		},
		{
			"where": "input/index/rfcs/rfc6819.txt",
			"count": 2,
			"index": 11951
		},
		{
			"where": "input/index/gutenberg/11.txt",
			"count": 1,
			"index": 774
		}
	]
}
