{
	"aa": [
		{
			"where": "input/index/simple/capital_extension.TXT",
			"count": 1,
			"index": 1
		}
	],
	"antelope elephant": [
		{
			"where": "input/index/simple/symbols.txt",
			"count": 9,
			"index": 1
		},
		{
			"where": "input/index/simple/capitals.txt",
			"count": 4,
			"index": 1
		}
	],
	"chickadee": [
	],
	"t": [
		{
			"where": "input/index/simple/position.txt",
			"count": 6,
			"index": 2
		}
	],
	"two": [
		{
			"where": "input/index/simple/position.txt",
			"count": 1,
			"index": 2
		}
	]
}
